00:00:00.000	RX	AA 55 7F C4 43
00:00:00.010	RX	AA 55 85 C8 4D
00:00:00.020	RX	AA 55 8C CB 57
00:00:00.030	RX	AA 55 92 CD 5F
00:00:00.040	RX	AA 55 98 CF 67
00:00:00.050	RX	AA 55 9E CF 6D
00:00:00.060	RX	AA 55 A4 CF 73
00:00:00.070	RX	AA 55 AA CD 77
00:00:00.080	RX	AA 55 AF CB 7A
00:00:00.090	RX	AA 55 B5 C8 7D
00:00:00.100	RX	AA 55 BA C4 7E
00:00:00.110	RX	AA 55 BF C0 7F
00:00:00.120	RX	AA 55 C3 BA 7D
00:00:00.130	RX	AA 55 C8 B5 7D
00:00:00.140	RX	AA 55 CC AE 7A
00:00:00.150	RX	AA 55 D0 A7 77
00:00:00.160	RX	AA 55 D3 A0 73
00:00:00.170	RX	AA 55 D7 98 6F
00:00:00.180	RX	AA 55 D9 90 69
00:00:00.190	RX	AA 55 DC 87 63
00:00:00.200	RX	AA 55 DE 7F 5D
00:00:00.210	RX	AA 55 E0 77 57
00:00:00.220	RX	AA 55 E1 6E 4F
00:00:00.230	RX	AA 55 E2 66 48
00:00:00.240	RX	AA 55 E3 5E 41
00:00:00.250	RX	AA 55 E3 57 3A
00:00:00.260	RX	AA 55 E3 50 33
00:00:00.270	RX	AA 55 E2 49 2B
00:00:00.280	RX	AA 55 E1 44 25
00:00:00.290	RX	AA 55 E0 3E 1E
00:00:00.300	RX	AA 55 DE 3A 18
00:00:00.310	RX	AA 55 DC 36 12
00:00:00.320	RX	AA 55 D9 33 0C
00:00:00.330	RX	AA 55 D7 31 08
00:00:00.340	RX	AA 55 D3 2F 02
00:00:00.350	RX	AA 55 D0 2F FF
00:00:00.360	RX	AA 55 CC 2F FB
00:00:00.370	RX	AA 55 C8 31 F9
00:00:00.380	RX	AA 55 C3 33 F6
00:00:00.390	RX	AA 55 BF 36 F5
00:00:00.400	RX	AA 55 BA 3A F4
00:00:00.410	RX	AA 55 B5 3E F3
00:00:00.420	RX	AA 55 AF 44 F3
00:00:00.430	RX	AA 55 AA 49 F3
00:00:00.440	RX	AA 55 A4 50 F4
00:00:00.450	RX	AA 55 9E 57 F5
00:00:00.460	RX	AA 55 98 5E F6
00:00:00.470	RX	AA 55 92 66 F8
00:00:00.480	RX	AA 55 8C 6E FA
00:00:00.490	RX	AA 55 85 77 FC
00:00:00.500	RX	AA 55 7F 7F FE
00:00:00.510	RX	AA 55 79 87 00
00:00:00.520	RX	AA 55 72 90 02
00:00:00.530	RX	AA 55 6C 98 04
00:00:00.540	RX	AA 55 66 A0 06
00:00:00.550	RX	AA 55 60 A7 07
00:00:00.560	RX	AA 55 5A AE 08
00:00:00.570	RX	AA 55 54 B5 09
00:00:00.580	RX	AA 55 4F BA 09
00:00:00.590	RX	AA 55 49 C0 09
00:00:00.600	RX	AA 55 44 C4 08
00:00:00.610	RX	AA 55 3F C8 07
00:00:00.620	RX	AA 55 3B CB 06
00:00:00.630	RX	AA 55 36 CD 03
00:00:00.640	RX	AA 55 32 CF 01
00:00:00.650	RX	AA 55 2E CF FD
00:00:00.660	RX	AA 55 2B CF FA
00:00:00.670	RX	AA 55 27 CD F4
00:00:00.680	RX	AA 55 25 CB F0
00:00:00.690	RX	AA 55 22 C8 EA
00:00:00.700	RX	AA 55 20 C4 E4
00:00:00.710	RX	AA 55 1E C0 DE
00:00:00.720	RX	AA 55 1D BA D7
00:00:00.730	RX	AA 55 1C B5 D1
00:00:00.740	RX	AA 55 1B AE C9
00:00:00.750	RX	AA 55 1B A7 C2
00:00:00.760	RX	AA 55 1B A0 BB
00:00:00.770	RX	AA 55 1C 98 B4
00:00:00.780	RX	AA 55 1D 90 AD
00:00:00.790	RX	AA 55 1E 87 A5
00:00:00.800	RX	AA 55 20 7F 9F
00:00:00.810	RX	AA 55 22 77 99
00:00:00.820	RX	AA 55 25 6E 93
00:00:00.830	RX	AA 55 27 66 8D
00:00:00.840	RX	AA 55 2B 5E 89
00:00:00.850	RX	AA 55 2E 57 85
00:00:00.860	RX	AA 55 32 50 82
00:00:00.870	RX	AA 55 36 49 7F
00:00:00.880	RX	AA 55 3B 44 7F
00:00:00.890	RX	AA 55 3F 3E 7D
00:00:00.900	RX	AA 55 44 3A 7E
00:00:00.910	RX	AA 55 49 36 7F
00:00:00.920	RX	AA 55 4F 33 82
00:00:00.930	RX	AA 55 54 31 85
00:00:00.940	RX	AA 55 5A 2F 89
00:00:00.950	RX	AA 55 60 2F 8F
00:00:00.960	RX	AA 55 66 2F 95
00:00:00.970	RX	AA 55 6C 31 9D
00:00:00.980	RX	AA 55 72 33 A5
00:00:00.990	RX	AA 55 79 36 AF
00:00:01.000	RX	AA 55 7F 3A B9
00:00:01.010	RX	AA 55 85 3E C3
00:00:01.020	RX	AA 55 8C 44 D0
00:00:01.030	RX	AA 55 92 49 DB
00:00:01.040	RX	AA 55 98 50 E8
00:00:01.050	RX	AA 55 9E 57 F5
00:00:01.060	RX	AA 55 A4 5E 02
00:00:01.070	RX	AA 55 AA 66 10
00:00:01.080	RX	AA 55 AF 6E 1D
00:00:01.090	RX	AA 55 B5 77 2C
00:00:01.100	RX	AA 55 BA 7F 39
00:00:01.110	RX	AA 55 BF 87 46
00:00:01.120	RX	AA 55 C3 90 53
00:00:01.130	RX	AA 55 C8 98 60
00:00:01.140	RX	AA 55 CC A0 6C
00:00:01.150	RX	AA 55 D0 A7 77
00:00:01.160	RX	AA 55 D3 AE 81
00:00:01.170	RX	AA 55 D7 B5 8C
00:00:01.180	RX	AA 55 D9 BA 93
00:00:01.190	RX	AA 55 DC C0 9C
00:00:01.200	RX	AA 55 DE C4 A2
00:00:01.210	RX	AA 55 E0 C8 A8
00:00:01.220	RX	AA 55 E1 CB AC
00:00:01.230	RX	AA 55 E2 CD AF
00:00:01.240	RX	AA 55 E3 CF B2
00:00:01.250	RX	AA 55 E3 CF B2
00:00:01.260	RX	AA 55 E3 CF B2
00:00:01.270	RX	AA 55 E2 CD AF
00:00:01.280	RX	AA 55 E1 CB AC
00:00:01.290	RX	AA 55 E0 C8 A8
00:00:01.300	RX	AA 55 DE C4 A2
00:00:01.310	RX	AA 55 DC C0 9C
00:00:01.320	RX	AA 55 D9 BA 93
00:00:01.330	RX	AA 55 D7 B5 8C
00:00:01.340	RX	AA 55 D3 AE 81
00:00:01.350	RX	AA 55 D0 A7 77
00:00:01.360	RX	AA 55 CC A0 6C
00:00:01.370	RX	AA 55 C8 98 60
00:00:01.380	RX	AA 55 C3 90 53
00:00:01.390	RX	AA 55 BF 87 46
00:00:01.400	RX	AA 55 BA 7F 39
00:00:01.410	RX	AA 55 B5 77 2C
00:00:01.420	RX	AA 55 AF 6E 1D
00:00:01.430	RX	AA 55 AA 66 10
00:00:01.440	RX	AA 55 A4 5E 02
00:00:01.450	RX	AA 55 9E 57 F5
00:00:01.460	RX	AA 55 98 50 E8
00:00:01.470	RX	AA 55 92 49 DB
00:00:01.480	RX	AA 55 8C 44 D0
00:00:01.490	RX	AA 55 85 3E C3
00:00:01.500	RX	AA 55 7F 3A B9
00:00:01.510	RX	AA 55 79 36 AF
00:00:01.520	RX	AA 55 72 33 A5
00:00:01.530	RX	AA 55 6C 31 9D
00:00:01.540	RX	AA 55 66 2F 95
00:00:01.550	RX	AA 55 60 2F 8F
00:00:01.560	RX	AA 55 5A 2F 89
00:00:01.570	RX	AA 55 54 31 85
00:00:01.580	RX	AA 55 4F 33 82
00:00:01.590	RX	AA 55 49 36 7F
00:00:01.600	RX	AA 55 44 3A 7E
00:00:01.610	RX	AA 55 3F 3E 7D
00:00:01.620	RX	AA 55 3B 44 7F
00:00:01.630	RX	AA 55 36 49 7F
00:00:01.640	RX	AA 55 32 50 82
00:00:01.650	RX	AA 55 2E 57 85
00:00:01.660	RX	AA 55 2B 5E 89
00:00:01.670	RX	AA 55 27 66 8D
00:00:01.680	RX	AA 55 25 6E 93
00:00:01.690	RX	AA 55 22 77 99
00:00:01.700	RX	AA 55 20 7F 9F
00:00:01.710	RX	AA 55 1E 87 A5
00:00:01.720	RX	AA 55 1D 90 AD
00:00:01.730	RX	AA 55 1C 98 B4
00:00:01.740	RX	AA 55 1B A0 BB
00:00:01.750	RX	AA 55 1B A7 C2
00:00:01.760	RX	AA 55 1B AE C9
00:00:01.770	RX	AA 55 1C B5 D1
00:00:01.780	RX	AA 55 1D BA D7
00:00:01.790	RX	AA 55 1E C0 DE
00:00:01.800	RX	AA 55 20 C4 E4
00:00:01.810	RX	AA 55 22 C8 EA
00:00:01.820	RX	AA 55 25 CB F0
00:00:01.830	RX	AA 55 27 CD F4
00:00:01.840	RX	AA 55 2B CF FA
00:00:01.850	RX	AA 55 2E CF FD
00:00:01.860	RX	AA 55 32 CF 01
00:00:01.870	RX	AA 55 36 CD 03
00:00:01.880	RX	AA 55 3B CB 06
00:00:01.890	RX	AA 55 3F C8 07
00:00:01.900	RX	AA 55 44 C4 08
00:00:01.910	RX	AA 55 49 C0 09
00:00:01.920	RX	AA 55 4F BA 09
00:00:01.930	RX	AA 55 54 B5 09
00:00:01.940	RX	AA 55 5A AE 08
00:00:01.950	RX	AA 55 60 A7 07
00:00:01.960	RX	AA 55 66 A0 06
00:00:01.970	RX	AA 55 6C 98 04
00:00:01.980	RX	AA 55 72 90 02
00:00:01.990	RX	AA 55 79 87 00
00:00:02.000	RX	AA 55 7F 7F FE
00:00:02.010	RX	AA 55 85 77 FC
00:00:02.020	RX	AA 55 8C 6E FA
00:00:02.030	RX	AA 55 92 66 F8
00:00:02.040	RX	AA 55 98 5E F6
00:00:02.050	RX	AA 55 9E 57 F5
00:00:02.060	RX	AA 55 A4 50 F4
00:00:02.070	RX	AA 55 AA 49 F3
00:00:02.080	RX	AA 55 AF 44 F3
00:00:02.090	RX	AA 55 B5 3E F3
00:00:02.100	RX	AA 55 BA 3A F4
00:00:02.110	RX	AA 55 BF 36 F5
00:00:02.120	RX	AA 55 C3 33 F6
00:00:02.130	RX	AA 55 C8 31 F9
00:00:02.140	RX	AA 55 CC 2F FB
00:00:02.150	RX	AA 55 D0 2F FF
00:00:02.160	RX	AA 55 D3 2F 02
00:00:02.170	RX	AA 55 D7 31 08
00:00:02.180	RX	AA 55 D9 33 0C
00:00:02.190	RX	AA 55 DC 36 12
00:00:02.200	RX	AA 55 DE 3A 18
00:00:02.210	RX	AA 55 E0 3E 1E
00:00:02.220	RX	AA 55 E1 44 25
00:00:02.230	RX	AA 55 E2 49 2B
00:00:02.240	RX	AA 55 E3 50 33
00:00:02.250	RX	AA 55 E3 57 3A
00:00:02.260	RX	AA 55 E3 5E 41
00:00:02.270	RX	AA 55 E2 66 48
00:00:02.280	RX	AA 55 E1 6E 4F
00:00:02.290	RX	AA 55 E0 77 57
00:00:02.300	RX	AA 55 DE 7F 5D
00:00:02.310	RX	AA 55 DC 87 63
00:00:02.320	RX	AA 55 D9 90 69
00:00:02.330	RX	AA 55 D7 98 6F
00:00:02.340	RX	AA 55 D3 A0 73
00:00:02.350	RX	AA 55 D0 A7 77
00:00:02.360	RX	AA 55 CC AE 7A
00:00:02.370	RX	AA 55 C8 B5 7D
00:00:02.380	RX	AA 55 C3 BA 7D
00:00:02.390	RX	AA 55 BF C0 7F
00:00:02.400	RX	AA 55 BA C4 7E
00:00:02.410	RX	AA 55 B5 C8 7D
00:00:02.420	RX	AA 55 AF CB 7A
00:00:02.430	RX	AA 55 AA CD 77
00:00:02.440	RX	AA 55 A4 CF 73
00:00:02.450	RX	AA 55 9E CF 6D
00:00:02.460	RX	AA 55 98 CF 67
00:00:02.470	RX	AA 55 92 CD 5F
00:00:02.480	RX	AA 55 8C CB 57
00:00:02.490	RX	AA 55 85 C8 4D
00:00:02.500	RX	AA 55 7F C4 43
00:00:02.510	RX	AA 55 79 C0 39
00:00:02.520	RX	AA 55 72 BA 2C
00:00:02.530	RX	AA 55 6C B5 21
00:00:02.540	RX	AA 55 66 AE 14
00:00:02.550	RX	AA 55 60 A7 07
00:00:02.560	RX	AA 55 5A A0 FA
00:00:02.570	RX	AA 55 54 98 EC
00:00:02.580	RX	AA 55 4F 90 DF
00:00:02.590	RX	AA 55 49 87 D0
00:00:02.600	RX	AA 55 44 7F C3
00:00:02.610	RX	AA 55 3F 77 B6
00:00:02.620	RX	AA 55 3B 6E A9
00:00:02.630	RX	AA 55 36 66 9C
00:00:02.640	RX	AA 55 32 5E 90
00:00:02.650	RX	AA 55 2E 57 85
00:00:02.660	RX	AA 55 2B 50 7B
00:00:02.670	RX	AA 55 27 49 70
00:00:02.680	RX	AA 55 25 44 69
00:00:02.690	RX	AA 55 22 3E 60
00:00:02.700	RX	AA 55 20 3A 5A
00:00:02.710	RX	AA 55 1E 36 54
00:00:02.720	RX	AA 55 1D 33 50
00:00:02.730	RX	AA 55 1C 31 4D
00:00:02.740	RX	AA 55 1B 2F 4A
00:00:02.750	RX	AA 55 1B 2F 4A
00:00:02.760	RX	AA 55 1B 2F 4A
00:00:02.770	RX	AA 55 1C 31 4D
00:00:02.780	RX	AA 55 1D 33 50
00:00:02.790	RX	AA 55 1E 36 54
00:00:02.800	RX	AA 55 20 3A 5A
00:00:02.810	RX	AA 55 22 3E 60
00:00:02.820	RX	AA 55 25 44 69
00:00:02.830	RX	AA 55 27 49 70
00:00:02.840	RX	AA 55 2B 50 7B
00:00:02.850	RX	AA 55 2E 57 85
00:00:02.860	RX	AA 55 32 5E 90
00:00:02.870	RX	AA 55 36 66 9C
00:00:02.880	RX	AA 55 3B 6E A9
00:00:02.890	RX	AA 55 3F 77 B6
00:00:02.900	RX	AA 55 44 7F C3
00:00:02.910	RX	AA 55 49 87 D0
00:00:02.920	RX	AA 55 4F 90 DF
00:00:02.930	RX	AA 55 54 98 EC
00:00:02.940	RX	AA 55 5A A0 FA
00:00:02.950	RX	AA 55 60 A7 07
00:00:02.960	RX	AA 55 66 AE 14
00:00:02.970	RX	AA 55 6C B5 21
00:00:02.980	RX	AA 55 72 BA 2C
00:00:02.990	RX	AA 55 79 C0 39
00:00:03.000	RX	AA 55 7F C4 43
00:00:03.010	RX	AA 55 85 C8 4D
00:00:03.020	RX	AA 55 8C CB 57
00:00:03.030	RX	AA 55 92 CD 5F
00:00:03.040	RX	AA 55 98 CF 67
00:00:03.050	RX	AA 55 9E CF 6D
00:00:03.060	RX	AA 55 A4 CF 73
00:00:03.070	RX	AA 55 AA CD 77
00:00:03.080	RX	AA 55 AF CB 7A
00:00:03.090	RX	AA 55 B5 C8 7D
00:00:03.100	RX	AA 55 BA C4 7E
00:00:03.110	RX	AA 55 BF C0 7F
00:00:03.120	RX	AA 55 C3 BA 7D
00:00:03.130	RX	AA 55 C8 B5 7D
00:00:03.140	RX	AA 55 CC AE 7A
00:00:03.150	RX	AA 55 D0 A7 77
00:00:03.160	RX	AA 55 D3 A0 73
00:00:03.170	RX	AA 55 D7 98 6F
00:00:03.180	RX	AA 55 D9 90 69
00:00:03.190	RX	AA 55 DC 87 63
00:00:03.200	RX	AA 55 DE 7F 5D
00:00:03.210	RX	AA 55 E0 77 57
00:00:03.220	RX	AA 55 E1 6E 4F
00:00:03.230	RX	AA 55 E2 66 48
00:00:03.240	RX	AA 55 E3 5E 41
00:00:03.250	RX	AA 55 E3 57 3A
00:00:03.260	RX	AA 55 E3 50 33
00:00:03.270	RX	AA 55 E2 49 2B
00:00:03.280	RX	AA 55 E1 44 25
00:00:03.290	RX	AA 55 E0 3E 1E
00:00:03.300	RX	AA 55 DE 3A 18
00:00:03.310	RX	AA 55 DC 36 12
00:00:03.320	RX	AA 55 D9 33 0C
00:00:03.330	RX	AA 55 D7 31 08
00:00:03.340	RX	AA 55 D3 2F 02
00:00:03.350	RX	AA 55 D0 2F FF
00:00:03.360	RX	AA 55 CC 2F FB
00:00:03.370	RX	AA 55 C8 31 F9
00:00:03.380	RX	AA 55 C3 33 F6
00:00:03.390	RX	AA 55 BF 36 F5
00:00:03.400	RX	AA 55 BA 3A F4
00:00:03.410	RX	AA 55 B5 3E F3
00:00:03.420	RX	AA 55 AF 44 F3
00:00:03.430	RX	AA 55 AA 49 F3
00:00:03.440	RX	AA 55 A4 50 F4
00:00:03.450	RX	AA 55 9E 57 F5
00:00:03.460	RX	AA 55 98 5E F6
00:00:03.470	RX	AA 55 92 66 F8
00:00:03.480	RX	AA 55 8C 6E FA
00:00:03.490	RX	AA 55 85 77 FC
00:00:03.500	RX	AA 55 7F 7F FE
00:00:03.510	RX	AA 55 79 87 00
00:00:03.520	RX	AA 55 72 90 02
00:00:03.530	RX	AA 55 6C 98 04
00:00:03.540	RX	AA 55 66 A0 06
00:00:03.550	RX	AA 55 60 A7 07
00:00:03.560	RX	AA 55 5A AE 08
00:00:03.570	RX	AA 55 54 B5 09
00:00:03.580	RX	AA 55 4F BA 09
00:00:03.590	RX	AA 55 49 C0 09
00:00:03.600	RX	AA 55 44 C4 08
00:00:03.610	RX	AA 55 3F C8 07
00:00:03.620	RX	AA 55 3B CB 06
00:00:03.630	RX	AA 55 36 CD 03
00:00:03.640	RX	AA 55 32 CF 01
00:00:03.650	RX	AA 55 2E CF FD
00:00:03.660	RX	AA 55 2B CF FA
00:00:03.670	RX	AA 55 27 CD F4
00:00:03.680	RX	AA 55 25 CB F0
00:00:03.690	RX	AA 55 22 C8 EA
00:00:03.700	RX	AA 55 20 C4 E4
00:00:03.710	RX	AA 55 1E C0 DE
00:00:03.720	RX	AA 55 1D BA D7
00:00:03.730	RX	AA 55 1C B5 D1
00:00:03.740	RX	AA 55 1B AE C9
00:00:03.750	RX	AA 55 1B A7 C2
00:00:03.760	RX	AA 55 1B A0 BB
00:00:03.770	RX	AA 55 1C 98 B4
00:00:03.780	RX	AA 55 1D 90 AD
00:00:03.790	RX	AA 55 1E 87 A5
00:00:03.800	RX	AA 55 20 7F 9F
00:00:03.810	RX	AA 55 22 77 99
00:00:03.820	RX	AA 55 25 6E 93
00:00:03.830	RX	AA 55 27 66 8D
00:00:03.840	RX	AA 55 2B 5E 89
00:00:03.850	RX	AA 55 2E 57 85
00:00:03.860	RX	AA 55 32 50 82
00:00:03.870	RX	AA 55 36 49 7F
00:00:03.880	RX	AA 55 3B 44 7F
00:00:03.890	RX	AA 55 3F 3E 7D
00:00:03.900	RX	AA 55 44 3A 7E
00:00:03.910	RX	AA 55 49 36 7F
00:00:03.920	RX	AA 55 4F 33 82
00:00:03.930	RX	AA 55 54 31 85
00:00:03.940	RX	AA 55 5A 2F 89
00:00:03.950	RX	AA 55 60 2F 8F
00:00:03.960	RX	AA 55 66 2F 95
00:00:03.970	RX	AA 55 6C 31 9D
00:00:03.980	RX	AA 55 72 33 A5
00:00:03.990	RX	AA 55 79 36 AF
00:00:04.000	RX	AA 55 7F 3A B9
00:00:04.010	RX	AA 55 85 3E C3
00:00:04.020	RX	AA 55 8C 44 D0
00:00:04.030	RX	AA 55 92 49 DB
00:00:04.040	RX	AA 55 98 50 E8
00:00:04.050	RX	AA 55 9E 57 F5
00:00:04.060	RX	AA 55 A4 5E 02
00:00:04.070	RX	AA 55 AA 66 10
00:00:04.080	RX	AA 55 AF 6E 1D
00:00:04.090	RX	AA 55 B5 77 2C
00:00:04.100	RX	AA 55 BA 7F 39
00:00:04.110	RX	AA 55 BF 87 46
00:00:04.120	RX	AA 55 C3 90 53
00:00:04.130	RX	AA 55 C8 98 60
00:00:04.140	RX	AA 55 CC A0 6C
00:00:04.150	RX	AA 55 D0 A7 77
00:00:04.160	RX	AA 55 D3 AE 81
00:00:04.170	RX	AA 55 D7 B5 8C
00:00:04.180	RX	AA 55 D9 BA 93
00:00:04.190	RX	AA 55 DC C0 9C
00:00:04.200	RX	AA 55 DE C4 A2
00:00:04.210	RX	AA 55 E0 C8 A8
00:00:04.220	RX	AA 55 E1 CB AC
00:00:04.230	RX	AA 55 E2 CD AF
00:00:04.240	RX	AA 55 E3 CF B2
00:00:04.250	RX	AA 55 E3 CF B2
00:00:04.260	RX	AA 55 E3 CF B2
00:00:04.270	RX	AA 55 E2 CD AF
00:00:04.280	RX	AA 55 E1 CB AC
00:00:04.290	RX	AA 55 E0 C8 A8
00:00:04.300	RX	AA 55 DE C4 A2
00:00:04.310	RX	AA 55 DC C0 9C
00:00:04.320	RX	AA 55 D9 BA 93
00:00:04.330	RX	AA 55 D7 B5 8C
00:00:04.340	RX	AA 55 D3 AE 81
00:00:04.350	RX	AA 55 D0 A7 77
00:00:04.360	RX	AA 55 CC A0 6C
00:00:04.370	RX	AA 55 C8 98 60
00:00:04.380	RX	AA 55 C3 90 53
00:00:04.390	RX	AA 55 BF 87 46
00:00:04.400	RX	AA 55 BA 7F 39
00:00:04.410	RX	AA 55 B5 77 2C
00:00:04.420	RX	AA 55 AF 6E 1D
00:00:04.430	RX	AA 55 AA 66 10
00:00:04.440	RX	AA 55 A4 5E 02
00:00:04.450	RX	AA 55 9E 57 F5
00:00:04.460	RX	AA 55 98 50 E8
00:00:04.470	RX	AA 55 92 49 DB
00:00:04.480	RX	AA 55 8C 44 D0
00:00:04.490	RX	AA 55 85 3E C3
00:00:04.500	RX	AA 55 7F 3A B9
00:00:04.510	RX	AA 55 79 36 AF
00:00:04.520	RX	AA 55 72 33 A5
00:00:04.530	RX	AA 55 6C 31 9D
00:00:04.540	RX	AA 55 66 2F 95
00:00:04.550	RX	AA 55 60 2F 8F
00:00:04.560	RX	AA 55 5A 2F 89
00:00:04.570	RX	AA 55 54 31 85
00:00:04.580	RX	AA 55 4F 33 82
00:00:04.590	RX	AA 55 49 36 7F
00:00:04.600	RX	AA 55 44 3A 7E
00:00:04.610	RX	AA 55 3F 3E 7D
00:00:04.620	RX	AA 55 3B 44 7F
00:00:04.630	RX	AA 55 36 49 7F
00:00:04.640	RX	AA 55 32 50 82
00:00:04.650	RX	AA 55 2E 57 85
00:00:04.660	RX	AA 55 2B 5E 89
00:00:04.670	RX	AA 55 27 66 8D
00:00:04.680	RX	AA 55 25 6E 93
00:00:04.690	RX	AA 55 22 77 99
00:00:04.700	RX	AA 55 20 7F 9F
00:00:04.710	RX	AA 55 1E 87 A5
00:00:04.720	RX	AA 55 1D 90 AD
00:00:04.730	RX	AA 55 1C 98 B4
00:00:04.740	RX	AA 55 1B A0 BB
00:00:04.750	RX	AA 55 1B A7 C2
00:00:04.760	RX	AA 55 1B AE C9
00:00:04.770	RX	AA 55 1C B5 D1
00:00:04.780	RX	AA 55 1D BA D7
00:00:04.790	RX	AA 55 1E C0 DE
00:00:04.800	RX	AA 55 20 C4 E4
00:00:04.810	RX	AA 55 22 C8 EA
00:00:04.820	RX	AA 55 25 CB F0
00:00:04.830	RX	AA 55 27 CD F4
00:00:04.840	RX	AA 55 2B CF FA
00:00:04.850	RX	AA 55 2E CF FD
00:00:04.860	RX	AA 55 32 CF 01
00:00:04.870	RX	AA 55 36 CD 03
00:00:04.880	RX	AA 55 3B CB 06
00:00:04.890	RX	AA 55 3F C8 07
00:00:04.900	RX	AA 55 44 C4 08
00:00:04.910	RX	AA 55 49 C0 09
00:00:04.920	RX	AA 55 4F BA 09
00:00:04.930	RX	AA 55 54 B5 09
00:00:04.940	RX	AA 55 5A AE 08
00:00:04.950	RX	AA 55 60 A7 07
00:00:04.960	RX	AA 55 66 A0 06
00:00:04.970	RX	AA 55 6C 98 04
00:00:04.980	RX	AA 55 72 90 02
00:00:04.990	RX	AA 55 79 87 00
00:00:05.000	RX	AA 55 7F 7F FE
00:00:05.010	RX	AA 55 85 77 FC
00:00:05.020	RX	AA 55 8C 6E FA
00:00:05.030	RX	AA 55 92 66 F8
00:00:05.040	RX	AA 55 98 5E F6
00:00:05.050	RX	AA 55 9E 57 F5
00:00:05.060	RX	AA 55 A4 50 F4
00:00:05.070	RX	AA 55 AA 49 F3
00:00:05.080	RX	AA 55 AF 44 F3
00:00:05.090	RX	AA 55 B5 3E F3
00:00:05.100	RX	AA 55 BA 3A F4
00:00:05.110	RX	AA 55 BF 36 F5
00:00:05.120	RX	AA 55 C3 33 F6
00:00:05.130	RX	AA 55 C8 31 F9
00:00:05.140	RX	AA 55 CC 2F FB
00:00:05.150	RX	AA 55 D0 2F FF
00:00:05.160	RX	AA 55 D3 2F 02
00:00:05.170	RX	AA 55 D7 31 08
00:00:05.180	RX	AA 55 D9 33 0C
00:00:05.190	RX	AA 55 DC 36 12
00:00:05.200	RX	AA 55 DE 3A 18
00:00:05.210	RX	AA 55 E0 3E 1E
00:00:05.220	RX	AA 55 E1 44 25
00:00:05.230	RX	AA 55 E2 49 2B
00:00:05.240	RX	AA 55 E3 50 33
00:00:05.250	RX	AA 55 E3 57 3A
00:00:05.260	RX	AA 55 E3 5E 41
00:00:05.270	RX	AA 55 E2 66 48
00:00:05.280	RX	AA 55 E1 6E 4F
00:00:05.290	RX	AA 55 E0 77 57
00:00:05.300	RX	AA 55 DE 7F 5D
00:00:05.310	RX	AA 55 DC 87 63
00:00:05.320	RX	AA 55 D9 90 69
00:00:05.330	RX	AA 55 D7 98 6F
00:00:05.340	RX	AA 55 D3 A0 73
00:00:05.350	RX	AA 55 D0 A7 77
00:00:05.360	RX	AA 55 CC AE 7A
00:00:05.370	RX	AA 55 C8 B5 7D
00:00:05.380	RX	AA 55 C3 BA 7D
00:00:05.390	RX	AA 55 BF C0 7F
00:00:05.400	RX	AA 55 BA C4 7E
00:00:05.410	RX	AA 55 B5 C8 7D
00:00:05.420	RX	AA 55 AF CB 7A
00:00:05.430	RX	AA 55 AA CD 77
00:00:05.440	RX	AA 55 A4 CF 73
00:00:05.450	RX	AA 55 9E CF 6D
00:00:05.460	RX	AA 55 98 CF 67
00:00:05.470	RX	AA 55 92 CD 5F
00:00:05.480	RX	AA 55 8C CB 57
00:00:05.490	RX	AA 55 85 C8 4D
00:00:05.500	RX	AA 55 7F C4 43
00:00:05.510	RX	AA 55 79 C0 39
00:00:05.520	RX	AA 55 72 BA 2C
00:00:05.530	RX	AA 55 6C B5 21
00:00:05.540	RX	AA 55 66 AE 14
00:00:05.550	RX	AA 55 60 A7 07
00:00:05.560	RX	AA 55 5A A0 FA
00:00:05.570	RX	AA 55 54 98 EC
00:00:05.580	RX	AA 55 4F 90 DF
00:00:05.590	RX	AA 55 49 87 D0
00:00:05.600	RX	AA 55 44 7F C3
00:00:05.610	RX	AA 55 3F 77 B6
00:00:05.620	RX	AA 55 3B 6E A9
00:00:05.630	RX	AA 55 36 66 9C
00:00:05.640	RX	AA 55 32 5E 90
00:00:05.650	RX	AA 55 2E 57 85
00:00:05.660	RX	AA 55 2B 50 7B
00:00:05.670	RX	AA 55 27 49 70
00:00:05.680	RX	AA 55 25 44 69
00:00:05.690	RX	AA 55 22 3E 60
00:00:05.700	RX	AA 55 20 3A 5A
00:00:05.710	RX	AA 55 1E 36 54
00:00:05.720	RX	AA 55 1D 33 50
00:00:05.730	RX	AA 55 1C 31 4D
00:00:05.740	RX	AA 55 1B 2F 4A
00:00:05.750	RX	AA 55 1B 2F 4A
00:00:05.760	RX	AA 55 1B 2F 4A
00:00:05.770	RX	AA 55 1C 31 4D
00:00:05.780	RX	AA 55 1D 33 50
00:00:05.790	RX	AA 55 1E 36 54
00:00:05.800	RX	AA 55 20 3A 5A
00:00:05.810	RX	AA 55 22 3E 60
00:00:05.820	RX	AA 55 25 44 69
00:00:05.830	RX	AA 55 27 49 70
00:00:05.840	RX	AA 55 2B 50 7B
00:00:05.850	RX	AA 55 2E 57 85
00:00:05.860	RX	AA 55 32 5E 90
00:00:05.870	RX	AA 55 36 66 9C
00:00:05.880	RX	AA 55 3B 6E A9
00:00:05.890	RX	AA 55 3F 77 B6
00:00:05.900	RX	AA 55 44 7F C3
00:00:05.910	RX	AA 55 49 87 D0
00:00:05.920	RX	AA 55 4F 90 DF
00:00:05.930	RX	AA 55 54 98 EC
00:00:05.940	RX	AA 55 5A A0 FA
00:00:05.950	RX	AA 55 60 A7 07
00:00:05.960	RX	AA 55 66 AE 14
00:00:05.970	RX	AA 55 6C B5 21
00:00:05.980	RX	AA 55 72 BA 2C
00:00:05.990	RX	AA 55 79 C0 39
